e5convw10_mnist_lanes50.json 0.726
e5convw10_mnist_lanes100.json 0.7216
e5convw10_mnist_lanes200.json 0.722
e5convw10_mnist_lanes500.json 0.7207
e4r_mnist_tr0.5_s0_er4_T1_ns0.json 0.9628
e4r_mnist_tr0.5_s0_er4_T1_ns1.json 0.9641
e4r_mnist_tr0.5_s0_er4_T1_ns2.json 0.9645
e4r_mnist_tr0.5_s0_er4_T32_ns0.json 0.9655
e4r_mnist_tr0.5_s0_er4_T32_ns1.json 0.9658
e4r_mnist_tr0.5_s0_er4_T32_ns2.json 0.966
e4r_mnist_tr0.5_s1_er4_T1_ns0.json 0.9621
e4r_mnist_tr0.5_s1_er4_T1_ns1.json 0.9627
e4r_mnist_tr0.5_s1_er4_T1_ns2.json 0.9642
e4r_mnist_tr0.5_s1_er4_T32_ns0.json 0.967
e4r_mnist_tr0.5_s1_er4_T32_ns1.json 0.9663
e4r_mnist_tr0.5_s1_er4_T32_ns2.json 0.9667
e4r_mnist_tr0.5_s2_er4_T1_ns0.json 0.9623
e4r_mnist_tr0.5_s2_er4_T1_ns1.json 0.9618
e4r_mnist_tr0.5_s2_er4_T1_ns2.json 0.9613
e4r_mnist_tr0.5_s2_er4_T32_ns0.json 0.966
e4r_mnist_tr0.5_s2_er4_T32_ns1.json 0.9655
e4r_mnist_tr0.5_s2_er4_T32_ns2.json 0.966
e4r_mnist_tr0.2_s0_er4_T1_ns0.json 0.9421
e4r_mnist_tr0.2_s0_er4_T1_ns1.json 0.9448
e4r_mnist_tr0.2_s0_er4_T1_ns2.json 0.9429
e4r_mnist_tr0.2_s0_er4_T32_ns0.json 0.9465
e4r_mnist_tr0.2_s0_er4_T32_ns1.json 0.9472
e4r_mnist_tr0.2_s0_er4_T32_ns2.json 0.9468
e4r_mnist_tr0.2_s1_er4_T1_ns0.json 0.9407
e4r_mnist_tr0.2_s1_er4_T1_ns1.json 0.9412
e4r_mnist_tr0.2_s1_er4_T1_ns2.json 0.9403
e4r_mnist_tr0.2_s1_er4_T32_ns0.json 0.9447
e4r_mnist_tr0.2_s1_er4_T32_ns1.json 0.9447
e4r_mnist_tr0.2_s1_er4_T32_ns2.json 0.9448
e4r_mnist_tr0.2_s2_er4_T1_ns0.json 0.9413
e4r_mnist_tr0.2_s2_er4_T1_ns1.json 0.9413
e4r_mnist_tr0.2_s2_er4_T1_ns2.json 0.9424
e4r_mnist_tr0.2_s2_er4_T32_ns0.json 0.9453
e4r_mnist_tr0.2_s2_er4_T32_ns1.json 0.9441
e4r_mnist_tr0.2_s2_er4_T32_ns2.json 0.9449
e4r_mnist_tr0.1_s0_er4_T1_ns0.json 0.9203
e4r_mnist_tr0.1_s0_er4_T1_ns1.json 0.9225
e4r_mnist_tr0.1_s0_er4_T1_ns2.json 0.9233
e4r_mnist_tr0.1_s0_er4_T32_ns0.json 0.926
e4r_mnist_tr0.1_s0_er4_T32_ns1.json 0.9254
e4r_mnist_tr0.1_s0_er4_T32_ns2.json 0.9253
e2x_mnist_settle_r2_T1_ms1_ns0.json 0.9686
e2x_mnist_settle_r2_T1_ms1_ns1.json 0.9719
e2x_mnist_settle_r2_T1_ms1_ns2.json 0.9678
e2x_mnist_settle_r2_T32_ms1_ns0.json 0.9782
e2x_mnist_settle_r2_T32_ms1_ns1.json 0.9781
e2x_mnist_settle_r2_T32_ms1_ns2.json 0.978
e2x_mnist_settle_r0.5_T1_ms1_ns0.json 0.9686
e2x_mnist_settle_r0.5_T1_ms1_ns1.json 0.9719
e2x_mnist_settle_r0.5_T1_ms1_ns2.json 0.9678
e2x_mnist_settle_r0.5_T32_ms1_ns0.json 0.9778
e2x_mnist_settle_r0.5_T32_ms1_ns1.json 0.9783
e2x_mnist_settle_r0.5_T32_ms1_ns2.json 0.9776
e2x_mnist_settle_r0.1_T1_ms1_ns0.json 0.9686
e2x_mnist_settle_r0.1_T1_ms1_ns1.json 0.9719
e2x_mnist_settle_r0.1_T1_ms1_ns2.json 0.9678
e2x_mnist_settle_r0.1_T32_ms1_ns0.json 0.9755
e2x_mnist_settle_r0.1_T32_ms1_ns1.json 0.9761
e2x_mnist_settle_r0.1_T32_ms1_ns2.json 0.9761
e2x_mnist_settle_r0.02_T1_ms1_ns0.json 0.9686
e2x_mnist_settle_r0.02_T1_ms1_ns1.json 0.9719
e2x_mnist_settle_r0.02_T1_ms1_ns2.json 0.9678
e2x_mnist_settle_r0.02_T32_ms1_ns0.json 0.9695
e2x_mnist_settle_r0.02_T32_ms1_ns1.json 0.9713
e2x_mnist_settle_r0.02_T32_ms1_ns2.json 0.9704
e2x_mnist_stream_r2_T1_ms1_ns0.json 0.9685
e2x_mnist_stream_r2_T1_ms1_ns1.json 0.9678
e2x_mnist_stream_r2_T1_ms1_ns2.json 0.967
e2x_mnist_stream_r2_T32_ms1_ns0.json 0.9782
e2x_mnist_stream_r2_T32_ms1_ns1.json 0.978
e2x_mnist_stream_r2_T32_ms1_ns2.json 0.9776
e2x_mnist_stream_r0.5_T1_ms1_ns0.json 0.6894
e2x_mnist_stream_r0.5_T1_ms1_ns1.json 0.6874
e2x_mnist_stream_r0.5_T1_ms1_ns2.json 0.6819
e2x_mnist_stream_r0.5_T32_ms1_ns0.json 0.9789
