e2ct_mnist_r4_T32_ns0.json 0.9771
e2ct_mnist_r4_T32_ns1.json 0.9777
e2ct_mnist_r4_T32_ns2.json 0.9786
e2ct_mnist_r2_T1_ns0.json 0.938
e2ct_mnist_r2_T1_ns1.json 0.9365
e2ct_mnist_r2_T1_ns2.json 0.9425
e2ct_mnist_r2_T32_ns0.json 0.9771
e2ct_mnist_r2_T32_ns1.json 0.9772
e2ct_mnist_r2_T32_ns2.json 0.9779
e2ct_mnist_r1_T1_ns0.json 0.5965
e2ct_mnist_r1_T1_ns1.json 0.6026
e2ct_mnist_r1_T1_ns2.json 0.6007
e2ct_mnist_r1_T32_ns0.json 0.9768
e2ct_mnist_r1_T32_ns1.json 0.977
e2ct_mnist_r1_T32_ns2.json 0.978
e2ct_mnist_r0.5_T1_ns0.json 0.2458
e2ct_mnist_r0.5_T1_ns1.json 0.2494
e2ct_mnist_r0.5_T1_ns2.json 0.2456
e2ct_mnist_r0.5_T32_ns0.json 0.9761
e2ct_mnist_r0.5_T32_ns1.json 0.9761
e2ct_mnist_r0.5_T32_ns2.json 0.9766
e2ct_mnist_r0.2_T1_ns0.json 0.1214
e2ct_mnist_r0.2_T1_ns1.json 0.1233
e2ct_mnist_r0.2_T1_ns2.json 0.1252
e2ct_mnist_r0.2_T32_ns0.json 0.9511
