e4_mnist_tr0.1_s0_test_er0.5_T32_ns1.json 0.9254
e4_mnist_tr0.1_s0_test_er0.5_T32_ns2.json 0.9255
e4_mnist_tr0.1_s0_test_er0.2_T1_ns0.json 0.8533
e4_mnist_tr0.1_s0_test_er0.2_T1_ns1.json 0.8553
e4_mnist_tr0.1_s0_test_er0.2_T1_ns2.json 0.8565
e4_mnist_tr0.1_s0_test_er0.2_T8_ns0.json 0.9181
e4_mnist_tr0.1_s0_test_er0.2_T8_ns1.json 0.9193
e4_mnist_tr0.1_s0_test_er0.2_T8_ns2.json 0.918
e4_mnist_tr0.1_s0_test_er0.2_T32_ns0.json 0.9266
e4_mnist_tr0.1_s0_test_er0.2_T32_ns1.json 0.9264
e4_mnist_tr0.1_s0_test_er0.2_T32_ns2.json 0.9264
e4_mnist_tr0.1_s0_test_er0.1_T1_ns0.json 0.7469
e4_mnist_tr0.1_s0_test_er0.1_T1_ns1.json 0.7486
e4_mnist_tr0.1_s0_test_er0.1_T1_ns2.json 0.749
e4_mnist_tr0.1_s0_test_er0.1_T8_ns0.json 0.8916
e4_mnist_tr0.1_s0_test_er0.1_T8_ns1.json 0.8932
e4_mnist_tr0.1_s0_test_er0.1_T8_ns2.json 0.8881
e4_mnist_tr0.1_s0_test_er0.1_T32_ns0.json 0.9234
e4_mnist_tr0.1_s0_test_er0.1_T32_ns1.json 0.9224
e4_mnist_tr0.1_s0_test_er0.1_T32_ns2.json 0.9244
e4_mnist_tr0.1_s0_test_er0.05_T1_ns0.json 0.5707
e4_mnist_tr0.1_s0_test_er0.05_T1_ns1.json 0.569
e4_mnist_tr0.1_s0_test_er0.05_T1_ns2.json 0.5677
e4_mnist_tr0.1_s0_test_er0.05_T8_ns0.json 0.8242
