phase 1 complete in 9s
phase 5 complete in 4s
e2_fashion_stream_r0.02_T64_ns0.json 0.5784
e2_fashion_stream_r0.02_T64_ns1.json 0.5746
e2_fashion_stream_r0.02_T64_ns2.json 0.5749
e2rho_fashion_rho1.0_r0.02_T1_ns0.json 0.8351
e2rho_fashion_rho1.0_r0.02_T1_ns1.json 0.8296
e2rho_fashion_rho1.0_r0.02_T1_ns2.json 0.8285
e2rho_fashion_rho1.0_r0.02_T32_ns0.json 0.8463
e2rho_fashion_rho1.0_r0.02_T32_ns1.json 0.8458
e2rho_fashion_rho1.0_r0.02_T32_ns2.json 0.8435
e2rho_fashion_rho1.0_r0.2_T1_ns0.json 0.8351
e2rho_fashion_rho1.0_r0.2_T1_ns1.json 0.8296
e2rho_fashion_rho1.0_r0.2_T1_ns2.json 0.8285
e2rho_fashion_rho1.0_r0.2_T32_ns0.json 0.8777
e2rho_fashion_rho1.0_r0.2_T32_ns1.json 0.876
e2rho_fashion_rho1.0_r0.2_T32_ns2.json 0.8787
e2rho_fashion_rho2.0_r0.02_T1_ns0.json 0.8646
e2rho_fashion_rho2.0_r0.02_T1_ns1.json 0.8639
e2rho_fashion_rho2.0_r0.02_T1_ns2.json 0.8627
e2rho_fashion_rho2.0_r0.02_T32_ns0.json 0.865
e2rho_fashion_rho2.0_r0.02_T32_ns1.json 0.8662
e2rho_fashion_rho2.0_r0.02_T32_ns2.json 0.8682
e2rho_fashion_rho2.0_r0.2_T1_ns0.json 0.8646
e2rho_fashion_rho2.0_r0.2_T1_ns1.json 0.8639
e2rho_fashion_rho2.0_r0.2_T1_ns2.json 0.8627
e2rho_fashion_rho2.0_r0.2_T32_ns0.json 0.8792
e2rho_fashion_rho2.0_r0.2_T32_ns1.json 0.8785
e2rho_fashion_rho2.0_r0.2_T32_ns2.json 0.8791
e2rho_fashion_rho8.0_r0.02_T1_ns0.json 0.8686
e2rho_fashion_rho8.0_r0.02_T1_ns1.json 0.8659
e2rho_fashion_rho8.0_r0.02_T1_ns2.json 0.869
e2rho_fashion_rho8.0_r0.02_T32_ns0.json 0.8673
e2rho_fashion_rho8.0_r0.02_T32_ns1.json 0.8684
e2rho_fashion_rho8.0_r0.02_T32_ns2.json 0.8721
e2rho_fashion_rho8.0_r0.2_T1_ns0.json 0.8686
e2rho_fashion_rho8.0_r0.2_T1_ns1.json 0.8659
e2rho_fashion_rho8.0_r0.2_T1_ns2.json 0.869
e2rho_fashion_rho8.0_r0.2_T32_ns0.json 0.8794
e2rho_fashion_rho8.0_r0.2_T32_ns1.json 0.8781
e2rho_fashion_rho8.0_r0.2_T32_ns2.json 0.879
e2ct_fashion_r10_T1_ns0.json 0.871
e2ct_fashion_r10_T1_ns1.json 0.868
e2ct_fashion_r10_T1_ns2.json 0.8682
e2ct_fashion_r10_T32_ns0.json 0.8811
e2ct_fashion_r10_T32_ns1.json 0.8809
e2ct_fashion_r10_T32_ns2.json 0.8825
e2ct_fashion_r4_T1_ns0.json 0.8696
e2ct_fashion_r4_T1_ns1.json 0.867
e2ct_fashion_r4_T1_ns2.json 0.8668
e2ct_fashion_r4_T32_ns0.json 0.882
e2ct_fashion_r4_T32_ns1.json 0.8813
e2ct_fashion_r4_T32_ns2.json 0.8826
e2ct_fashion_r2_T1_ns0.json 0.8438
e2ct_fashion_r2_T1_ns1.json 0.8412
e2ct_fashion_r2_T1_ns2.json 0.8415
e2ct_fashion_r2_T32_ns0.json 0.882
e2ct_fashion_r2_T32_ns1.json 0.8811
e2ct_fashion_r2_T32_ns2.json 0.8825
e2ct_fashion_r1_T1_ns0.json 0.5954
e2ct_fashion_r1_T1_ns1.json 0.5873
e2ct_fashion_r1_T1_ns2.json 0.5888
e2ct_fashion_r1_T32_ns0.json 0.8825
e2ct_fashion_r1_T32_ns1.json 0.8814
e2ct_fashion_r1_T32_ns2.json 0.8821
e2ct_fashion_r0.5_T1_ns0.json 0.2507
e2ct_fashion_r0.5_T1_ns1.json 0.2534
e2ct_fashion_r0.5_T1_ns2.json 0.2531
e2ct_fashion_r0.5_T32_ns0.json 0.8808
e2ct_fashion_r0.5_T32_ns1.json 0.8782
e2ct_fashion_r0.5_T32_ns2.json 0.8793
e2ct_fashion_r0.2_T1_ns0.json 0.1249
e2ct_fashion_r0.2_T1_ns1.json 0.1266
e2ct_fashion_r0.2_T1_ns2.json 0.1299
e2ct_fashion_r0.2_T32_ns0.json 0.8547
e2ct_fashion_r0.2_T32_ns1.json 0.8569
e2ct_fashion_r0.2_T32_ns2.json 0.8552
e2ct_fashion_r0.1_T1_ns0.json 0.1074
e2ct_fashion_r0.1_T1_ns1.json 0.1073
e2ct_fashion_r0.1_T1_ns2.json 0.1041
e2ct_fashion_r0.1_T32_ns0.json 0.5187
e2ct_fashion_r0.1_T32_ns1.json 0.5195
e2ct_fashion_r0.1_T32_ns2.json 0.5184
e2ct_fashion_r0.05_T1_ns0.json 0.1027
e2ct_fashion_r0.05_T1_ns1.json 0.107
e2ct_fashion_r0.05_T1_ns2.json 0.1036
e2ct_fashion_r0.05_T32_ns0.json 0.2031
e2ct_fashion_r0.05_T32_ns1.json 0.2046
e2ct_fashion_r0.05_T32_ns2.json 0.2008
e2ct_fashion_r0.02_T1_ns0.json 0.1016
e2ct_fashion_r0.02_T1_ns1.json 0.1023
e2ct_fashion_r0.02_T1_ns2.json 0.1003
e2ct_fashion_r0.02_T32_ns0.json 0.1363
e2ct_fashion_r0.02_T32_ns1.json 0.1383
e2ct_fashion_r0.02_T32_ns2.json 0.134
phase 2 complete in 328s
